2026-03-31 15:25:18.919 | INFO     | __main__:main:90 - ============================================================
2026-03-31 15:25:18.919 | INFO     | __main__:main:91 - Building teacher embedding caches
2026-03-31 15:25:18.919 | INFO     | __main__:main:92 - ============================================================
2026-03-31 15:25:18.919 | INFO     | __main__:main:93 - Teachers: ['trendyol_onnx', 'dinov3_ft']
2026-03-31 15:25:18.919 | INFO     | __main__:main:94 - Device: cuda
2026-03-31 15:25:30.875 | INFO     | prepare:__init__:987 - CombinedDistillDataset: 6159 classes, 49598 primary, 127340 retail, 50000 blacklist, retail_ratio=0.3, blacklist_ratio=0.1
2026-03-31 15:25:31.292 | INFO     | prepare:build_val_dataset:1542 - Validation dataset: 33307 samples, 277 classes
2026-03-31 15:25:31.300 | INFO     | __main__:collect_all_image_paths:55 - Total unique image paths (before filter): 82905
2026-03-31 15:27:23.303 | WARNING  | __main__:collect_all_image_paths:68 - Filtered 7 unreadable images
2026-03-31 15:27:23.304 | INFO     | __main__:collect_all_image_paths:69 - Valid image paths: 82898
2026-03-31 15:27:23.328 | INFO     | __main__:main:121 - 
========================================
2026-03-31 15:27:23.328 | INFO     | __main__:main:122 - Building non-RADIO caches: ['trendyol_onnx', 'dinov3_ft']
2026-03-31 15:27:23.328 | INFO     | __main__:main:123 - ========================================
2026-03-31 15:27:23.328 | WARNING  | prepare:_is_cache_valid:1247 - Cache sample count mismatch for /data/training/reid/workspace/output/trendyol_teacher_cache2: expected 82898, got 1550127
2026-03-31 15:27:23.328 | INFO     | prepare:build_all_teacher_caches:1351 - Building cache for trendyol_onnx (82898 images)...
[1;31m2026-03-31 15:27:23.349306410 [E:onnxruntime:Default, provider_bridge_ort.cc:1992 TryGetProviderInfo_CUDA] /onnxruntime_src/onnxruntime/core/session/provider_bridge_ort.cc:1637 onnxruntime::Provider& onnxruntime::ProviderLibrary::Get() [ONNXRuntimeError] : 1 : FAIL : Failed to load library libonnxruntime_providers_cuda.so with error: libcublasLt.so.12: cannot open shared object file: No such file or directory
[m
[0;93m2026-03-31 15:27:23.349342428 [W:onnxruntime:Default, onnxruntime_pybind_state.cc:965 CreateExecutionProviderInstance] Failed to create CUDAExecutionProvider. Require cuDNN 9.* and CUDA 12.*. Please install all dependencies as mentioned in the GPU requirements page (https://onnxruntime.ai/docs/execution-providers/CUDA-ExecutionProvider.html#requirements), make sure they're in the PATH, and that your GPU is supported.[m
2026-03-31 15:27:23.356 | INFO     | prepare:__init__:126 - TrendyolEmbedder: using provider CPUExecutionProvider
2026-03-31 15:27:23.356 | INFO     | prepare:__init__:139 - TrendyolEmbedder: loaded ONNX model from /data/mnt/mnt_ml_shared/joesu/reid/distill_qwen_lcnet050_retail_2.onnx
2026-03-31 15:27:23.453 | INFO     | prepare:build_all_teacher_caches:1366 -   trendyol_onnx: 256/82898
2026-03-31 15:27:23.892 | INFO     | prepare:build_all_teacher_caches:1366 -   trendyol_onnx: 13056/82898
2026-03-31 15:27:24.312 | INFO     | prepare:build_all_teacher_caches:1366 -   trendyol_onnx: 25856/82898
2026-03-31 15:27:25.187 | INFO     | prepare:build_all_teacher_caches:1366 -   trendyol_onnx: 38656/82898
2026-03-31 15:27:26.715 | INFO     | prepare:build_all_teacher_caches:1366 -   trendyol_onnx: 51456/82898
2026-03-31 15:27:28.312 | INFO     | prepare:build_all_teacher_caches:1366 -   trendyol_onnx: 64256/82898
2026-03-31 15:27:29.649 | INFO     | prepare:build_all_teacher_caches:1366 -   trendyol_onnx: 77056/82898
2026-03-31 15:27:30.283 | INFO     | prepare:_write_cache_metadata:1219 - Wrote cache metadata for trendyol_onnx: 82898 samples, dim=256
2026-03-31 15:27:30.352 | INFO     | prepare:build_all_teacher_caches:1380 - Cache built for trendyol_onnx, GPU memory released
2026-03-31 15:27:30.352 | INFO     | prepare:build_all_teacher_caches:1351 - Building cache for dinov3_ft (82898 images)...
Traceback (most recent call last):
  File "/home/whiskey/workspace/project/central/v2/training/autoresearch/build_caches.py", line 132, in <module>
    main()
  File "/home/whiskey/workspace/project/central/v2/training/autoresearch/build_caches.py", line 124, in main
    build_all_teacher_caches(non_radio_to_build, image_paths, device=device)
  File "/home/whiskey/workspace/project/central/v2/training/autoresearch/prepare.py", line 1352, in build_all_teacher_caches
    teacher = entry["class"](**entry["init_kwargs"], device=device)
              ^^^^^^^^^^^^^^^^^^^^^^^^^^^^^^^^^^^^^^^^^^^^^^^^^^^^^
  File "/home/whiskey/workspace/project/central/v2/training/autoresearch/prepare.py", line 270, in __init__
    raise FileNotFoundError(
FileNotFoundError: DINOv3FTTeacher: adapter not found at dino_finetune/output/best_adapter. Run dino_finetune/train_dino.py first.
